
R version 3.0.3 (2014-03-06) -- "Warm Puppy"
Copyright (C) 2014 The R Foundation for Statistical Computing
Platform: x86_64-apple-darwin10.8.0 (64-bit)

R is free software and comes with ABSOLUTELY NO WARRANTY.
You are welcome to redistribute it under certain conditions.
Type 'license()' or 'licence()' for distribution details.

  Natural language support but running in an English locale

R is a collaborative project with many contributors.
Type 'contributors()' for more information and
'citation()' on how to cite R or R packages in publications.

Type 'demo()' for some demos, 'help()' for on-line help, or
'help.start()' for an HTML browser interface to help.
Type 'q()' to quit R.

[R.app GUI 1.63 (6660) x86_64-apple-darwin10.8.0]

[History restored from /Users/sr320/.Rapp.history]

> library(DESeq2)
Loading required package: GenomicRanges
Loading required package: BiocGenerics
Loading required package: parallel

Attaching package: ‘BiocGenerics’

The following objects are masked from ‘package:parallel’:

    clusterApply, clusterApplyLB, clusterCall,
    clusterEvalQ, clusterExport, clusterMap, parApply,
    parCapply, parLapply, parLapplyLB, parRapply,
    parSapply, parSapplyLB

The following object is masked from ‘package:stats’:

    xtabs

The following objects are masked from ‘package:base’:

    anyDuplicated, append, as.data.frame, as.vector, cbind,
    colnames, duplicated, eval, evalq, Filter, Find, get,
    intersect, is.unsorted, lapply, Map, mapply, match,
    mget, order, paste, pmax, pmax.int, pmin, pmin.int,
    Position, rank, rbind, Reduce, rep.int, rownames,
    sapply, setdiff, sort, table, tapply, union, unique,
    unlist

Loading required package: IRanges
Loading required package: XVector
Loading required package: Rcpp
Loading required package: RcppArmadillo
> 
> data <- read.table("/Users/sr320/Desktop/ASI-rna-seq/data/Cgigas-HS-count.txt", header = T, sep = "\t")
> rownames(data) <- data$Feature
> data <- data[,-1]
> deseq2.colData <- data.frame(condition=factor(c(rep("PRE", 3), rep("POST-HS", 3))), 
+                              type=factor(rep("single-read", 6)))
> rownames(deseq2.colData) <- colnames(data)
> deseq2.dds <- DESeqDataSetFromMatrix(countData = data,
+                                      colData = deseq2.colData, 
+                                      design = ~ condition)
> deseq2.dds <- DESeq(deseq2.dds)
estimating size factors
estimating dispersions
gene-wise dispersion estimates
mean-dispersion relationship
final dispersion estimates
fitting model and testing
> deseq2.res <- results(deseq2.dds)
> deseq2.res <- deseq2.res[order(rownames(deseq2.res)), ]
> dim(deseq2.res[!is.na(deseq2.res$padj) & deseq2.res$padj <= 0.05, ])
[1] 3609    6
> tmp <- deseq2.res
> # The main plot
> plot(tmp$baseMean, tmp$log2FoldChange, pch=20, cex=0.45, ylim=c(-3, 3), log="x", col="darkgray",
+      main="DEG Virus Exposure  (pval <= 0.05)",
+      xlab="mean of normalized counts",
+      ylab="Log2 Fold Change")
Warning message:
In xy.coords(x, y, xlabel, ylabel, log) :
  1357 x values <= 0 omitted from logarithmic plot
> # Getting the significant points and plotting them again so they're a different color
> tmp.sig <- deseq2.res[!is.na(deseq2.res$padj) & deseq2.res$padj <= 0.05, ]
> points(tmp.sig$baseMean, tmp.sig$log2FoldChange, pch=20, cex=0.45, col="red")
> # 2 FC lines
> abline(h=c(-1,1), col="blue")
> write.table(tmp.sig, "../output/Cgigas_DEGlist.tab", row.names = T)
Error in file(file, ifelse(append, "a", "w")) : 
  cannot open the connection
In addition: Warning message:
In file(file, ifelse(append, "a", "w")) :
  cannot open file '../output/Cgigas_DEGlist.tab': No such file or directory
> write.table(tmp.sig, "/Users/sr320/Desktop/ASI-rna-seq/output", row.names = T)
Error in file(file, ifelse(append, "a", "w")) : 
  cannot open the connection
In addition: Warning message:
In file(file, ifelse(append, "a", "w")) :
  cannot open file '/Users/sr320/Desktop/ASI-rna-seq/output': Is a directory
> write.table(tmp.sig, "/Users/sr320/Desktop/ASI-rna-seq/output/Cgigas-DEGlist", row.names = T)
> 